// Vitest Snapshot v1, https://vitest.dev/guide/snapshot.html

exports[`SprintPreviewDockerPlanBuilder > matches snapshot 1`] = `
[
  "create",
  "--name",
  "preview-proj-1-sprint-1",
  "--log-driver",
  "local",
  "-p",
  "127.0.0.1:4444:39000",
  "--workdir",
  "/workspace",
  "--label",
  "code-ux.preview=true",
  "--label",
  "code-ux.project-id=proj-1",
  "--label",
  "code-ux.sprint-id=sprint-1",
  "--label",
  "code-ux.session-id=session-1",
  "--label",
  "code-ux.host-port=4444",
  "--mount",
  "type=volume,source=my-volume,target=/code-ux-preview-runtime",
  "-e",
  "HOME=/home",
  "-e",
  "HOST=0.0.0.0",
  "-e",
  "PORT=3000",
  "-e",
  "DASHBOARD_HOST=0.0.0.0",
  "-e",
  "DASHBOARD_PORT=3000",
  "-e",
  "SPRINT_PREVIEW_PORT=3000",
  "-e",
  "SPRINT_PREVIEW_PROXY_PORT=39000",
  "-e",
  "SPRINT_PREVIEW_WORKSPACE=/workspace",
  "-e",
  "SPRINT_PREVIEW_WORKTREE=/workspace",
  "-e",
  "SPRINT_PREVIEW_INSTALL_COMMAND=npm install",
  "-e",
  "SPRINT_PREVIEW_BUILD_COMMAND=npm run build",
  "-e",
  "SPRINT_PREVIEW_RUN_COMMAND=npm start",
  "-e",
  "SPRINT_PREVIEW_SOURCE_COMMIT=abc1234",
  "--user",
  "1000:1000",
  "--mount",
  "type=bind,source=/path/to/setup.sh,target=/opt/jules/setup.sh,readonly",
  "-e",
  "CODE_UX_GIT_USER_NAME=test",
  "-e",
  "CODE_UX_GIT_USER_EMAIL=test@example.com",
  "--mount",
  "type=bind,source=/host/cred,target=/container/cred,readonly",
  "node:18",
  "bash",
  "-c",
  "echo 'bootstrap'",
  "preview-runner",
  "bash",
  "-c",
  "mkdir -p "/workspace" && tar -xf /tmp/workspace.tar -C "/workspace" && exec bash /tmp/preview-start.sh",
]
`;
